<?xml version="1.0" encoding="utf-8"?><testsuites><testsuite name="pytest" errors="0" failures="0" skipped="0" tests="9" time="0.655" timestamp="2023-09-20T15:24:15.366172" hostname="TX-N-0684"><testcase classname="tests.players.test_player" name="test_player_balance[C2190-0]" file="tests\players\test_player.py" line="12" time="0.178"><properties><property name="test_id" value="C2190" /></properties></testcase><testcase classname="tests.players.test_player" name="test_player_balance[C2191-1]" file="tests\players\test_player.py" line="12" time="0.093"><properties><property name="test_id" value="C2191" /></properties></testcase><testcase classname="tests.players.test_player" name="test_player_balance[C2192-100]" file="tests\players\test_player.py" line="12" time="0.101"><properties><property name="test_id" value="C2192" /></properties></testcase><testcase classname="tests.players.test_player" name="test_player_balance[C2193-101]" file="tests\players\test_player.py" line="12" time="0.104"><properties><property name="test_id" value="C2193" /></properties></testcase><testcase classname="tests.users.test_users" name="test_calculator[value0]" file="tests\users\test_users.py" line="66" time="0.001"><properties><property name="test_id" value="C2210" /></properties></testcase><testcase classname="tests.users.test_users" name="test_calculator[value1]" file="tests\users\test_users.py" line="66" time="0.001"><properties><property name="test_id" value="C2211" /></properties></testcase><testcase classname="tests.users.test_users" name="test_calculator[value2]" file="tests\users\test_users.py" line="66" time="0.001"><properties><property name="test_id" value="C2212" /></properties></testcase><testcase classname="tests.users.test_users" name="test_calculator[value3]" file="tests\users\test_users.py" line="66" time="0.001"><properties><property name="test_id" value="C2213" /></properties></testcase><testcase classname="tests.users.test_users" name="test_calculator[value4]" file="tests\users\test_users.py" line="66" time="0.001"><properties><property name="test_id" value="C2214" /></properties></testcase></testsuite></testsuites>